[2026-07-14 14:28:04.887913] thank you.
[2026-07-14 14:28:48.327748] pfft! youtube, open it!
[2026-07-14 14:29:42.015681] open your tools.
[2026-07-14 14:29:53.219141] open youtube
[2026-07-14 14:30:05.738748] thank you.
[2026-07-14 14:30:18.983791] thank you.
[2026-07-14 14:30:34.536630] it will be a school.
[2026-07-14 14:30:45.363886] google hulu
[2026-07-14 14:31:00.542775] vs code
[2026-07-14 14:40:24.747824] open browser
[2026-07-14 14:40:41.514300] open the code.
[2026-07-14 14:40:58.590712] thank you very much.
[2026-07-14 14:41:08.797990] youtube colo
[2026-07-14 14:41:24.397739] google colo
[2026-07-14 14:41:35.228946] play unmanned chalice
[2026-07-14 14:41:58.645794] thank you.
[2026-07-14 14:42:09.402929] exit.
[2026-07-14 14:42:29.742855] youtube is closed.
[2026-07-14 14:42:40.928967] close youtube.
[2026-07-14 14:42:56.519052] stop.
[2026-07-14 15:50:46.766569] open youtube in chrome.
[2026-07-14 22:36:22.923309] open chrome
[2026-07-14 22:36:55.654676] open youtube
[2026-07-15 01:35:16.240480] exit.
[2026-07-15 01:35:35.929292] и что?
[2026-07-15 01:36:05.250004] ich torm.
[2026-07-15 02:03:23.122583] اشتاف
[2026-07-15 02:03:41.777535] i̇ştah
[2026-07-15 11:12:47.758757] allô ?
[2026-07-15 11:13:07.285912] dzieńca, dzieńca, dzieńca.
[2026-07-15 11:13:25.033403] hello
[2026-07-15 11:13:42.328326] open chromee.
[2026-07-15 11:14:12.798913] stop!
[2026-07-15 11:14:30.403383] exit.
[2026-07-15 11:14:58.596048] thank you.
[2026-07-15 11:15:30.233618] thank you.
[2026-07-15 11:15:47.926487] विष्टाः
[2026-07-15 11:16:06.282620] 사월이가 툭농한다, 이제.  사월이가 툭농한다, 이제.
[2026-07-15 22:19:20.349383] open ground
[2026-07-15 22:19:36.926970] open chrome
[2026-07-15 22:19:59.151470] you get
[2026-07-15 22:35:48.259043] open chrome
[2026-07-15 22:36:07.662329] a stop
[2026-07-15 22:36:14.624829] his dog
[2026-07-15 22:36:21.182649] you stop or
[2026-07-15 22:36:32.047633] his top
[2026-07-15 23:22:58.658653] open comb
[2026-07-15 23:23:10.912207] huh
[2026-07-15 23:23:31.925012] for been chrome
[2026-07-15 23:23:44.850184] his stop
[2026-07-15 23:34:20.180500] open comb
[2026-07-15 23:34:39.987833] open comb
[2026-07-15 23:34:50.779666] open crown
[2026-07-15 23:35:06.744017] open you go
[2026-07-15 23:35:14.321751] open you go
[2026-07-16 04:27:14.559452] kendall
[2026-07-16 04:27:24.182824] hello
[2026-07-16 04:27:39.111581] have been growing
[2026-07-16 04:27:48.227359] open coin
[2026-07-16 04:27:57.805306] ishtar
[2026-07-16 05:06:22.043296] play hanuman chalisa
[2026-07-16 06:39:21.604988] hello
[2026-07-16 06:39:32.079848] time
[2026-07-16 06:39:39.458259] open clone
[2026-07-16 06:39:53.080636] open comb
[2026-07-16 06:40:01.672503] open chrome
[2026-07-16 06:40:09.108574] close grow
[2026-07-16 06:40:19.214216] open vs cold
[2026-07-16 06:40:30.457258] play them on janitor
[2026-07-16 06:40:39.457836] play on one jansa
[2026-07-16 06:40:50.284228] play and mug job sir
[2026-07-16 06:44:58.743730] wake word
[2026-07-16 06:45:21.293620] play hanuman chalisa
[2026-07-16 06:46:31.610789] git add .
[2026-07-16 06:46:31.625855] git commit -m "aris v10 stable build"
[2026-07-16 06:46:50.214585] stop
[2026-07-16 13:02:01.006267] hello
[2026-07-16 13:02:09.687001] he stopped
[2026-07-16 13:02:18.296197] what disdain
[2026-07-16 13:02:23.820095] a
[2026-07-16 13:02:35.005564] time
[2026-07-16 13:02:41.402916] a
[2026-07-16 13:02:50.266045] it
[2026-07-16 13:03:03.153921] place on
[2026-07-16 13:03:10.263966] please hold
[2026-07-16 13:03:19.382789] play a song
[2026-07-16 13:03:51.828985] i don't mean to
[2026-07-16 13:03:55.978496] i
[2026-07-16 21:43:23.182950] hello
[2026-07-16 21:43:29.660162] in
[2026-07-16 21:43:37.530461] time
[2026-07-16 21:43:44.116893] but
[2026-07-16 21:43:48.725328] date
[2026-07-16 21:43:58.523166] open girl
[2026-07-16 21:44:06.006369] or can grow
[2026-07-16 21:44:10.621967] when twelve
[2026-07-16 21:44:15.237979] open crow
[2026-07-16 21:44:24.316475] broken coal minder you too
[2026-07-16 21:44:29.944320] purple
[2026-07-16 21:44:32.570834] md your blue
[2026-07-16 21:44:39.227497] couldn't chrome or do you go
[2026-07-16 21:44:46.847394] hoping you too
[2026-07-16 21:44:53.951287] open your in income
[2026-07-16 21:44:59.907396] okay new ago
[2026-07-16 21:45:07.023532] lunch
[2026-07-16 21:45:07.027996] so
[2026-07-16 21:45:12.156134] play than one child so
[2026-07-16 21:45:35.533779] bought cello
[2026-07-16 21:45:42.907150] the lotta alone
[2026-07-16 21:46:02.541419] if couch
[2026-07-16 21:46:06.160219] blog
[2026-07-16 21:46:12.278900] his dog
[2026-07-17 14:44:58.103453] hello
[2026-07-17 14:45:04.888026] time
[2026-07-17 14:45:14.844569] david
[2026-07-17 14:45:19.207385] date
[2026-07-17 14:45:28.064196] open chrome
[2026-07-17 14:45:37.422034] the one one genser
[2026-07-17 14:45:42.782852] play on one jojo
[2026-07-17 14:45:59.275693] he stop
[2026-07-18 12:58:45.432183] hello
[2026-07-18 18:03:34.636552] the know
[2026-07-18 18:03:38.545269] hello
[2026-07-18 18:03:48.343288] or why do you
[2026-07-18 18:03:54.581098] how do you
[2026-07-18 18:04:01.316724] how are you
[2026-07-18 18:04:09.683127] thank you
[2026-07-18 18:04:25.816207] his top
[2026-07-18 18:04:34.754539] you dog
[2026-07-18 18:19:40.215465] hello
[2026-07-18 18:19:46.706392] how are you
[2026-07-18 18:19:52.929606] good morning
[2026-07-18 18:20:00.733880] thank you
[2026-07-18 18:20:08.475626] open comb
[2026-07-18 18:20:24.579731] his top
[2026-07-18 18:20:32.443689] he stop
[2026-07-18 18:21:00.050409] you stop
[2026-07-18 18:21:08.856262] open comb
[2026-07-18 18:21:17.612710] oh been cool mom
[2026-07-18 18:21:24.217852] open grow mom
[2026-07-18 18:43:52.864488] how are you
[2026-07-18 18:44:22.761178] his top
[2026-07-18 18:45:21.787805] both was feasible
[2026-07-18 18:45:24.895314] you you gonna get a
[2026-07-18 18:45:31.498415] hey a guy
[2026-07-18 18:45:56.996851] what are you doing it is
[2026-07-18 18:46:03.747318] his toe
[2026-07-18 18:46:13.202742] how can i help you today
[2026-07-18 18:46:17.787595] his top
[2026-07-18 18:53:56.852228] why do you
[2026-07-18 18:54:15.714137] how were the you
[2026-07-18 18:54:23.829618] how do you
[2026-07-18 18:54:32.293669] how are you
[2026-07-18 18:56:31.880261] yeah
[2026-07-18 19:04:00.268326] hello
[2026-07-18 19:04:07.695395] how are you
[2026-07-18 19:04:31.384295] while
[2026-07-18 19:04:37.176298] how can i help you today
[2026-07-18 19:05:02.781089] hi
[2026-07-18 19:05:08.659273] how can i help you today
[2026-07-18 19:22:11.300037] how are you
[2026-07-18 19:22:21.048260] how were you
[2026-07-18 19:22:28.148461] hello
[2026-07-18 19:22:35.005791] how are you
[2026-07-18 19:22:42.300913] thank you
[2026-07-18 19:22:48.526432] party my name
[2026-07-18 19:22:55.622493] what eg my name
[2026-07-18 19:23:01.467178] what a gym my name
[2026-07-18 19:23:05.570649] what humane him
[2026-07-18 19:23:09.418606] hi to my name
[2026-07-18 19:23:15.018955] what eg my name
[2026-07-18 19:23:20.869423] why did i use my name
[2026-07-18 19:23:26.727694] what egypt my name
[2026-07-18 19:23:30.334373] weapons my name
[2026-07-18 19:23:34.184678] what's my name
[2026-07-18 19:23:40.037319] what either minute
[2026-07-18 19:26:31.886235] hello
[2026-07-18 19:26:38.319698] thank you
[2026-07-18 19:26:44.855753] what are you doing
[2026-07-18 19:26:53.125475] good morning
[2026-07-18 19:27:01.362957] what are you i'm in
[2026-07-18 19:27:07.208695] what is your my name
[2026-07-18 19:27:14.563256] what the eg my name
[2026-07-18 19:33:17.210447] hello
[2026-07-18 19:33:25.022853] how are you
[2026-07-18 19:33:33.831536] okay golf
[2026-07-18 19:33:38.184086] we stop
[2026-07-18 19:39:43.710612] hello
[2026-07-18 19:39:56.626737] how are you
[2026-07-18 19:40:02.102207] okay
[2026-07-18 19:40:06.456090] he stopped
[2026-07-18 19:40:09.546856] nice dog
[2026-07-18 19:40:12.897665] the stop
[2026-07-18 19:40:16.249038] the stop
[2026-07-18 19:40:20.353897] open growing
[2026-07-18 19:40:24.953591] okay cool
[2026-07-19 00:56:29.209485] hello
[2026-07-19 00:56:49.879038] desperate
[2026-07-19 00:57:10.004240] how would you
[2026-07-19 00:57:53.868340] how would you
[2026-07-19 00:57:58.732508] how are you
[2026-07-22 00:51:33.729365] and though
[2026-07-22 00:51:44.109360] ah
[2026-07-22 00:51:48.967339] hello
[2026-07-22 00:52:16.836541] open comb
[2026-07-22 00:53:45.192903] hello
[2026-07-22 00:53:53.203799] how can i help you today
[2026-07-22 13:45:26.594598] hello
[2026-07-22 13:45:53.518736] he stop
